09:06:43 **** Build of configuration Debug for project Exercise 7 ****
make -j12 all 
arm-none-eabi-gcc "../Core/Src/main.c" -mcpu=cortex-m3 -std=gnu11 -g3 -DDEBUG -DUSE_HAL_DRIVER -DSTM32F103x6 -c -I../Core/Inc -I../Drivers/STM32F1xx_HAL_Driver/Inc -I../Drivers/STM32F1xx_HAL_Driver/Inc/Legacy -I../Drivers/CMSIS/Device/ST/STM32F1xx/Include -I../Drivers/CMSIS/Include -O0 -ffunction-sections -fdata-sections -Wall -fstack-usage -MMD -MP -MF"Core/Src/main.d" -MT"Core/Src/main.o" --specs=nano.specs -mfloat-abi=soft -mthumb -o "Core/Src/main.o"
arm-none-eabi-gcc -o "Exercise 7.elf" @"objects.list"   -mcpu=cortex-m3 -T"D:\TAI_LIEU\HK_7\MicronProcessor_MicroController\Lab_2\STM32CudeIDE\Exercise 7\STM32F103C6UX_FLASH.ld" --specs=nosys.specs -Wl,-Map="Exercise 7.map" -Wl,--gc-sections -static --specs=nano.specs -mfloat-abi=soft -mthumb -Wl,--start-group -lc -lm -Wl,--end-group
Finished building target: Exercise 7.elf
 
arm-none-eabi-size   Exercise\ 7.elf 
arm-none-eabi-objdump -h -S  Exercise\ 7.elf  > "Exercise 7.list"
   text	   data	    bss	    dec	    hex	filename
   8532	     20	   1660	  10212	   27e4	Exercise 7.elf
arm-none-eabi-objcopy  -O ihex  Exercise\ 7.elf  "Exercise 7.hex"
Finished building: default.size.stdout
arm-none-eabi-objcopy  -O binary  Exercise\ 7.elf  "Exercise 7.bin"
 
Finished building: Exercise 7.hex
Finished building: Exercise 7.bin
 
 
Finished building: Exercise 7.list
 

09:06:45 Build Finished. 0 errors, 0 warnings. (took 2s.63ms)

