09:06:24 **** Build of configuration Debug for project Exercise 5 ****
make -j12 all 
arm-none-eabi-gcc "../Core/Src/main.c" -mcpu=cortex-m3 -std=gnu11 -g3 -DDEBUG -DUSE_HAL_DRIVER -DSTM32F103x6 -c -I../Core/Inc -I../Drivers/STM32F1xx_HAL_Driver/Inc -I../Drivers/STM32F1xx_HAL_Driver/Inc/Legacy -I../Drivers/CMSIS/Device/ST/STM32F1xx/Include -I../Drivers/CMSIS/Include -O0 -ffunction-sections -fdata-sections -Wall -fstack-usage -MMD -MP -MF"Core/Src/main.d" -MT"Core/Src/main.o" --specs=nano.specs -mfloat-abi=soft -mthumb -o "Core/Src/main.o"
arm-none-eabi-gcc -o "Exercise 5.elf" @"objects.list"   -mcpu=cortex-m3 -T"D:\TAI_LIEU\HK_7\MicronProcessor_MicroController\Lab_2\STM32CudeIDE\Exercise 5\STM32F103C6UX_FLASH.ld" --specs=nosys.specs -Wl,-Map="Exercise 5.map" -Wl,--gc-sections -static --specs=nano.specs -mfloat-abi=soft -mthumb -Wl,--start-group -lc -lm -Wl,--end-group
Finished building target: Exercise 5.elf
 
arm-none-eabi-size   Exercise\ 5.elf 
arm-none-eabi-objdump -h -S  Exercise\ 5.elf  > "Exercise 5.list"
   text	   data	    bss	    dec	    hex	filename
   8324	     20	   1644	   9988	   2704	Exercise 5.elf
arm-none-eabi-objcopy  -O ihex  Exercise\ 5.elf  "Exercise 5.hex"
Finished building: default.size.stdout
arm-none-eabi-objcopy  -O binary  Exercise\ 5.elf  "Exercise 5.bin"
 
Finished building: Exercise 5.hex
Finished building: Exercise 5.bin
 
 
Finished building: Exercise 5.list
 

09:06:26 Build Finished. 0 errors, 0 warnings. (took 2s.453ms)

