14:46:54 **** Incremental Build of configuration Debug for project Exercise 9 ****
make -j12 all 
arm-none-eabi-gcc "../Core/Src/main.c" -mcpu=cortex-m3 -std=gnu11 -g3 -DDEBUG -DUSE_HAL_DRIVER -DSTM32F103x6 -c -I../Core/Inc -I../Drivers/STM32F1xx_HAL_Driver/Inc -I../Drivers/STM32F1xx_HAL_Driver/Inc/Legacy -I../Drivers/CMSIS/Device/ST/STM32F1xx/Include -I../Drivers/CMSIS/Include -O0 -ffunction-sections -fdata-sections -Wall -fstack-usage -MMD -MP -MF"Core/Src/main.d" -MT"Core/Src/main.o" --specs=nano.specs -mfloat-abi=soft -mthumb -o "Core/Src/main.o"
arm-none-eabi-gcc -o "Exercise 9.elf" @"objects.list"   -mcpu=cortex-m3 -T"D:\TAI_LIEU\HK_7\MicronProcessor_MicroController\Lab_2\STM32CudeIDE\Exercise 9\STM32F103C6UX_FLASH.ld" --specs=nosys.specs -Wl,-Map="Exercise 9.map" -Wl,--gc-sections -static --specs=nano.specs -mfloat-abi=soft -mthumb -Wl,--start-group -lc -lm -Wl,--end-group
Finished building target: Exercise 9.elf
 
arm-none-eabi-size   Exercise\ 9.elf 
arm-none-eabi-objdump -h -S  Exercise\ 9.elf  > "Exercise 9.list"
   text	   data	    bss	    dec	    hex	filename
   9532	     44	   1684	  11260	   2bfc	Exercise 9.elf
arm-none-eabi-objcopy  -O ihex  Exercise\ 9.elf  "Exercise 9.hex"
Finished building: default.size.stdout
arm-none-eabi-objcopy  -O binary  Exercise\ 9.elf  "Exercise 9.bin"
 
Finished building: Exercise 9.hex
Finished building: Exercise 9.bin
Finished building: Exercise 9.list
 
 
 

14:46:54 Build Finished. 0 errors, 0 warnings. (took 659ms)

